I'm sorry, but errors were detected in your script. Please correct the
errors listed below, and try again.


File "game/script.rpy", line 49: Line is indented, but the preceding show statement statement does not expect a block. Please check this line's indentation. You may have forgotten a colon (:).
    play music ambient "Daytime Ambience.ogg" fadeout 1.0 fadein 1.0
    ^

Ren'Py Version: Ren'Py 8.3.4.24120703
Wed Jan 29 13:44:00 2025
